{
    "testSimple-0": {
        "test": 1,
        "0": 1
    }
}